AR programcounter behavioral /home/mauricio/Escritorio/universidad/semestre_VII/Arquitectura_Comp/Architecture-/Procesador_3/ProgramCounter.vhd sub00/vhpl07 1461105204
EN adder NULL /home/mauricio/Escritorio/universidad/semestre_VII/Arquitectura_Comp/Architecture-/Procesador_3/Adder.vhd sub00/vhpl16 1461105213
AR mux behavioral /home/mauricio/Escritorio/universidad/semestre_VII/Arquitectura_Comp/Architecture-/Procesador_3/Mux.vhd sub00/vhpl09 1461105206
AR psrmodifier arqpsrmodifier /home/mauricio/Escritorio/universidad/semestre_VII/Arquitectura_Comp/Architecture-/Procesador_3/PSRModifier.vhd sub00/vhpl01 1461105207
EN controlunity NULL /home/mauricio/Escritorio/universidad/semestre_VII/Arquitectura_Comp/Architecture-/Procesador_3/ControlUnity.vhd sub00/vhpl12 1461105209
AR instructionmemory behavioral /home/mauricio/Escritorio/universidad/semestre_VII/Arquitectura_Comp/Architecture-/Procesador_3/InstructionMemory.vhd sub00/vhpl11 1461105208
EN psrmodifier NULL /home/mauricio/Escritorio/universidad/semestre_VII/Arquitectura_Comp/Architecture-/Procesador_3/PSRModifier.vhd sub00/vhpl00 1461105206
EN signextensionunit NULL /home/mauricio/Escritorio/universidad/semestre_VII/Arquitectura_Comp/Architecture-/Procesador_3/SignExtensionUnit.vhd sub00/vhpl02 1461105199
AR signextensionunit behavioral /home/mauricio/Escritorio/universidad/semestre_VII/Arquitectura_Comp/Architecture-/Procesador_3/SignExtensionUnit.vhd sub00/vhpl03 1461105200
EN programcounter NULL /home/mauricio/Escritorio/universidad/semestre_VII/Arquitectura_Comp/Architecture-/Procesador_3/ProgramCounter.vhd sub00/vhpl06 1461105203
EN instructionmemory NULL /home/mauricio/Escritorio/universidad/semestre_VII/Arquitectura_Comp/Architecture-/Procesador_3/InstructionMemory.vhd sub00/vhpl10 1461105207
AR controlunity behavioral /home/mauricio/Escritorio/universidad/semestre_VII/Arquitectura_Comp/Architecture-/Procesador_3/ControlUnity.vhd sub00/vhpl13 1461105210
EN mux NULL /home/mauricio/Escritorio/universidad/semestre_VII/Arquitectura_Comp/Architecture-/Procesador_3/Mux.vhd sub00/vhpl08 1461105205
AR adder behavioral /home/mauricio/Escritorio/universidad/semestre_VII/Arquitectura_Comp/Architecture-/Procesador_3/Adder.vhd sub00/vhpl17 1461105214
AR registerfile behavioral /home/mauricio/Escritorio/universidad/semestre_VII/Arquitectura_Comp/Architecture-/Procesador_3/RegisterFile.vhd sub00/vhpl05 1461105202
AR alu behavioral /home/mauricio/Escritorio/universidad/semestre_VII/Arquitectura_Comp/Architecture-/Procesador_3/Alu.vhd sub00/vhpl15 1461105212
EN registerfile NULL /home/mauricio/Escritorio/universidad/semestre_VII/Arquitectura_Comp/Architecture-/Procesador_3/RegisterFile.vhd sub00/vhpl04 1461105201
EN alu NULL /home/mauricio/Escritorio/universidad/semestre_VII/Arquitectura_Comp/Architecture-/Procesador_3/Alu.vhd sub00/vhpl14 1461105211
