V3 27
FL /home/mauricio/Escritorio/universidad/semestre_VII/Arquitectura_Comp/Architecture-/Procesador_3/Adder.vhd 2016/04/19.16:04:40 P.20131013
EN work/Adder 1461105213 \
      FL /home/mauricio/Escritorio/universidad/semestre_VII/Arquitectura_Comp/Architecture-/Procesador_3/Adder.vhd \
      PB ieee/std_logic_1164 1381692176 PB ieee/STD_LOGIC_UNSIGNED 1381692179
AR work/Adder/Behavioral 1461105214 \
      FL /home/mauricio/Escritorio/universidad/semestre_VII/Arquitectura_Comp/Architecture-/Procesador_3/Adder.vhd \
      EN work/Adder 1461105213
FL /home/mauricio/Escritorio/universidad/semestre_VII/Arquitectura_Comp/Architecture-/Procesador_3/Alu.vhd 2016/04/19.16:04:40 P.20131013
EN work/Alu 1461105211 \
      FL /home/mauricio/Escritorio/universidad/semestre_VII/Arquitectura_Comp/Architecture-/Procesador_3/Alu.vhd \
      PB ieee/std_logic_1164 1381692176 PB ieee/STD_LOGIC_UNSIGNED 1381692179
AR work/Alu/Behavioral 1461105212 \
      FL /home/mauricio/Escritorio/universidad/semestre_VII/Arquitectura_Comp/Architecture-/Procesador_3/Alu.vhd \
      EN work/Alu 1461105211
FL /home/mauricio/Escritorio/universidad/semestre_VII/Arquitectura_Comp/Architecture-/Procesador_3/ControlUnity.vhd 2016/04/19.16:04:40 P.20131013
EN work/ControlUnity 1461105209 \
      FL /home/mauricio/Escritorio/universidad/semestre_VII/Arquitectura_Comp/Architecture-/Procesador_3/ControlUnity.vhd \
      PB ieee/std_logic_1164 1381692176
AR work/ControlUnity/Behavioral 1461105210 \
      FL /home/mauricio/Escritorio/universidad/semestre_VII/Arquitectura_Comp/Architecture-/Procesador_3/ControlUnity.vhd \
      EN work/ControlUnity 1461105209
FL /home/mauricio/Escritorio/universidad/semestre_VII/Arquitectura_Comp/Architecture-/Procesador_3/InstructionMemory.vhd 2016/04/19.16:04:40 P.20131013
EN work/InstructionMemory 1461105207 \
      FL /home/mauricio/Escritorio/universidad/semestre_VII/Arquitectura_Comp/Architecture-/Procesador_3/InstructionMemory.vhd \
      PB ieee/std_logic_1164 1381692176 PB ieee/STD_LOGIC_UNSIGNED 1381692179 \
      PB std/TEXTIO 1381692176
AR work/InstructionMemory/Behavioral 1461105208 \
      FL /home/mauricio/Escritorio/universidad/semestre_VII/Arquitectura_Comp/Architecture-/Procesador_3/InstructionMemory.vhd \
      EN work/InstructionMemory 1461105207
FL /home/mauricio/Escritorio/universidad/semestre_VII/Arquitectura_Comp/Architecture-/Procesador_3/Mux.vhd 2016/04/19.15:47:55 P.20131013
EN work/Mux 1461105205 \
      FL /home/mauricio/Escritorio/universidad/semestre_VII/Arquitectura_Comp/Architecture-/Procesador_3/Mux.vhd \
      PB ieee/std_logic_1164 1381692176
AR work/Mux/Behavioral 1461105206 \
      FL /home/mauricio/Escritorio/universidad/semestre_VII/Arquitectura_Comp/Architecture-/Procesador_3/Mux.vhd \
      EN work/Mux 1461105205
FL /home/mauricio/Escritorio/universidad/semestre_VII/Arquitectura_Comp/Architecture-/Procesador_3/ProgramCounter.vhd 2016/04/19.16:04:40 P.20131013
EN work/ProgramCounter 1461105203 \
      FL /home/mauricio/Escritorio/universidad/semestre_VII/Arquitectura_Comp/Architecture-/Procesador_3/ProgramCounter.vhd \
      PB ieee/std_logic_1164 1381692176
AR work/ProgramCounter/Behavioral 1461105204 \
      FL /home/mauricio/Escritorio/universidad/semestre_VII/Arquitectura_Comp/Architecture-/Procesador_3/ProgramCounter.vhd \
      EN work/ProgramCounter 1461105203
FL /home/mauricio/Escritorio/universidad/semestre_VII/Arquitectura_Comp/Architecture-/Procesador_3/PSRModifier.vhd 2016/04/19.17:33:14 P.20131013
EN work/PSRModifier 1461105206 \
      FL /home/mauricio/Escritorio/universidad/semestre_VII/Arquitectura_Comp/Architecture-/Procesador_3/PSRModifier.vhd \
      PB ieee/std_logic_1164 1381692176
AR work/PSRModifier/arqPSRModifier 1461105207 \
      FL /home/mauricio/Escritorio/universidad/semestre_VII/Arquitectura_Comp/Architecture-/Procesador_3/PSRModifier.vhd \
      EN work/PSRModifier 1461105206
FL /home/mauricio/Escritorio/universidad/semestre_VII/Arquitectura_Comp/Architecture-/Procesador_3/RegisterFile.vhd 2016/04/19.16:23:47 P.20131013
EN work/RegisterFile 1461105201 \
      FL /home/mauricio/Escritorio/universidad/semestre_VII/Arquitectura_Comp/Architecture-/Procesador_3/RegisterFile.vhd \
      PB ieee/std_logic_1164 1381692176 PB ieee/STD_LOGIC_UNSIGNED 1381692179
AR work/RegisterFile/Behavioral 1461105202 \
      FL /home/mauricio/Escritorio/universidad/semestre_VII/Arquitectura_Comp/Architecture-/Procesador_3/RegisterFile.vhd \
      EN work/RegisterFile 1461105201
FL /home/mauricio/Escritorio/universidad/semestre_VII/Arquitectura_Comp/Architecture-/Procesador_3/SignExtensionUnit.vhd 2016/04/12.20:22:19 P.20131013
EN work/SignExtensionUnit 1461105199 \
      FL /home/mauricio/Escritorio/universidad/semestre_VII/Arquitectura_Comp/Architecture-/Procesador_3/SignExtensionUnit.vhd \
      PB ieee/std_logic_1164 1381692176
AR work/SignExtensionUnit/Behavioral 1461105200 \
      FL /home/mauricio/Escritorio/universidad/semestre_VII/Arquitectura_Comp/Architecture-/Procesador_3/SignExtensionUnit.vhd \
      EN work/SignExtensionUnit 1461105199
