AR programcounter behavioral C:/Users/DiegoAlejandro/Documents/GitHub/Architecture-/Procesador_1/ProgramCounter.vhd sub00/vhpl09 1460677103
EN adder NULL C:/Users/DiegoAlejandro/Documents/GitHub/Architecture-/Procesador_1/Adder.vhd sub00/vhpl00 1460677094
EN controlunity NULL C:/Users/DiegoAlejandro/Documents/GitHub/Architecture-/Procesador_1/ControlUnity.vhd sub00/vhpl04 1460677098
EN procesadormonociclo_1 NULL C:/Users/DiegoAlejandro/Documents/GitHub/Architecture-/Procesador_1/ProcesadorMonociclo_1.vhd sub00/vhpl12 1460677106
AR instructionmemory behavioral C:/Users/DiegoAlejandro/Documents/GitHub/Architecture-/Procesador_1/InstructionMemory.vhd sub00/vhpl07 1460677101
AR procesadormonociclo_1 behavioral C:/Users/DiegoAlejandro/Documents/GitHub/Architecture-/Procesador_1/ProcesadorMonociclo_1.vhd sub00/vhpl13 1460677107
EN programcounter NULL C:/Users/DiegoAlejandro/Documents/GitHub/Architecture-/Procesador_1/ProgramCounter.vhd sub00/vhpl08 1460677102
EN instructionmemory NULL C:/Users/DiegoAlejandro/Documents/GitHub/Architecture-/Procesador_1/InstructionMemory.vhd sub00/vhpl06 1460677100
AR controlunity behavioral C:/Users/DiegoAlejandro/Documents/GitHub/Architecture-/Procesador_1/ControlUnity.vhd sub00/vhpl05 1460677099
AR adder behavioral C:/Users/DiegoAlejandro/Documents/GitHub/Architecture-/Procesador_1/Adder.vhd sub00/vhpl01 1460677095
AR alu behavioral C:/Users/DiegoAlejandro/Documents/GitHub/Architecture-/Procesador_1/Alu.vhd sub00/vhpl03 1460677097
AR registerfile behavioral C:/Users/DiegoAlejandro/Documents/GitHub/Architecture-/Procesador_1/RegisterFile.vhd sub00/vhpl11 1460677105
EN alu NULL C:/Users/DiegoAlejandro/Documents/GitHub/Architecture-/Procesador_1/Alu.vhd sub00/vhpl02 1460677096
EN registerfile NULL C:/Users/DiegoAlejandro/Documents/GitHub/Architecture-/Procesador_1/RegisterFile.vhd sub00/vhpl10 1460677104
