V3 27
FL C:/Users/DiegoAlejandro/Documents/GitHub/Architecture-/Procesador_1/Adder.vhd 2016/04/14.15:14:30 P.20131013
EN work/Adder 1460677094 \
      FL C:/Users/DiegoAlejandro/Documents/GitHub/Architecture-/Procesador_1/Adder.vhd \
      PB ieee/std_logic_1164 1381692176 PB ieee/STD_LOGIC_UNSIGNED 1381692179
AR work/Adder/Behavioral 1460677095 \
      FL C:/Users/DiegoAlejandro/Documents/GitHub/Architecture-/Procesador_1/Adder.vhd \
      EN work/Adder 1460677094
FL C:/Users/DiegoAlejandro/Documents/GitHub/Architecture-/Procesador_1/Alu.vhd 2016/04/14.18:38:08 P.20131013
EN work/Alu 1460677096 \
      FL C:/Users/DiegoAlejandro/Documents/GitHub/Architecture-/Procesador_1/Alu.vhd \
      PB ieee/std_logic_1164 1381692176 PB ieee/STD_LOGIC_UNSIGNED 1381692179
AR work/Alu/Behavioral 1460677097 \
      FL C:/Users/DiegoAlejandro/Documents/GitHub/Architecture-/Procesador_1/Alu.vhd \
      EN work/Alu 1460677096
FL C:/Users/DiegoAlejandro/Documents/GitHub/Architecture-/Procesador_1/ControlUnity.vhd 2016/04/13.17:43:30 P.20131013
EN work/ControlUnity 1460677098 \
      FL C:/Users/DiegoAlejandro/Documents/GitHub/Architecture-/Procesador_1/ControlUnity.vhd \
      PB ieee/std_logic_1164 1381692176
AR work/ControlUnity/Behavioral 1460677099 \
      FL C:/Users/DiegoAlejandro/Documents/GitHub/Architecture-/Procesador_1/ControlUnity.vhd \
      EN work/ControlUnity 1460677098
FL C:/Users/DiegoAlejandro/Documents/GitHub/Architecture-/Procesador_1/InstructionMemory.vhd 2016/04/13.17:43:30 P.20131013
EN work/InstructionMemory 1460677100 \
      FL C:/Users/DiegoAlejandro/Documents/GitHub/Architecture-/Procesador_1/InstructionMemory.vhd \
      PB ieee/std_logic_1164 1381692176 PB ieee/STD_LOGIC_UNSIGNED 1381692179 \
      PB std/TEXTIO 1381692176
AR work/InstructionMemory/Behavioral 1460677101 \
      FL C:/Users/DiegoAlejandro/Documents/GitHub/Architecture-/Procesador_1/InstructionMemory.vhd \
      EN work/InstructionMemory 1460677100
FL C:/Users/DiegoAlejandro/Documents/GitHub/Architecture-/Procesador_1/ProcesadorMonociclo_1.vhd 2016/04/14.17:52:44 P.20131013
EN work/ProcesadorMonociclo_1 1460677106 \
      FL C:/Users/DiegoAlejandro/Documents/GitHub/Architecture-/Procesador_1/ProcesadorMonociclo_1.vhd \
      PB ieee/std_logic_1164 1381692176
AR work/ProcesadorMonociclo_1/Behavioral 1460677107 \
      FL C:/Users/DiegoAlejandro/Documents/GitHub/Architecture-/Procesador_1/ProcesadorMonociclo_1.vhd \
      EN work/ProcesadorMonociclo_1 1460677106 CP Adder CP Alu CP ControlUnity \
      CP InstructionMemory CP ProgramCounter CP RegisterFile
FL C:/Users/DiegoAlejandro/Documents/GitHub/Architecture-/Procesador_1/ProgramCounter.vhd 2016/04/13.17:43:30 P.20131013
EN work/ProgramCounter 1460677102 \
      FL C:/Users/DiegoAlejandro/Documents/GitHub/Architecture-/Procesador_1/ProgramCounter.vhd \
      PB ieee/std_logic_1164 1381692176
AR work/ProgramCounter/Behavioral 1460677103 \
      FL C:/Users/DiegoAlejandro/Documents/GitHub/Architecture-/Procesador_1/ProgramCounter.vhd \
      EN work/ProgramCounter 1460677102
FL C:/Users/DiegoAlejandro/Documents/GitHub/Architecture-/Procesador_1/RegisterFile.vhd 2016/04/14.18:25:29 P.20131013
EN work/RegisterFile 1460677104 \
      FL C:/Users/DiegoAlejandro/Documents/GitHub/Architecture-/Procesador_1/RegisterFile.vhd \
      PB ieee/std_logic_1164 1381692176 PB ieee/STD_LOGIC_UNSIGNED 1381692179
AR work/RegisterFile/Behavioral 1460677105 \
      FL C:/Users/DiegoAlejandro/Documents/GitHub/Architecture-/Procesador_1/RegisterFile.vhd \
      EN work/RegisterFile 1460677104
